Analysis & Elaboration report for DE0_CV
Wed Aug 19 22:28:10 2026
Quartus Prime Version 19.1.0 Build 670 09/22/2019 SJ Lite Edition


---------------------
; Table of Contents ;
---------------------
  1. Legal Notice
  2. Analysis & Elaboration Summary
  3. Parallel Compilation
  4. Parameter Settings for User Entity Instance: Top-level Entity: |Discretization
  5. Parameter Settings for User Entity Instance: input_loader:loader
  6. Parameter Settings for User Entity Instance: mamba_scan_pipeline:scan_pipeline
  7. Parameter Settings for User Entity Instance: mamba_scan_pipeline:scan_pipeline|scan_index_generator:index_gen
  8. Parameter Settings for User Entity Instance: mamba_scan_pipeline:scan_pipeline|delta_a_mul_stage:delta_a_stage
  9. Parameter Settings for User Entity Instance: mamba_scan_pipeline:scan_pipeline|exponential_pipeline:exp_stage
 10. Parameter Settings for User Entity Instance: mamba_scan_pipeline:scan_pipeline|state_memory:x_memory
 11. Parameter Settings for User Entity Instance: mamba_scan_pipeline:scan_pipeline|exp_state_mul_stage:exp_x_stage
 12. Parameter Settings for User Entity Instance: mamba_scan_pipeline:scan_pipeline|exp_state_mul_stage:exp_x_stage|fixed_round_shift:scale_exp_x
 13. Parameter Settings for User Entity Instance: mamba_scan_pipeline:scan_pipeline|delta_u_b_pipeline:delta_u_b_stage
 14. Parameter Settings for User Entity Instance: mamba_scan_pipeline:scan_pipeline|stream_delay:align_b_path
 15. Parameter Settings for User Entity Instance: mamba_scan_pipeline:scan_pipeline|fixed_round_shift:scale_delta_ub
 16. Parameter Settings for User Entity Instance: mamba_scan_pipeline:scan_pipeline|state_update_stage:update_x_stage
 17. Parameter Settings for User Entity Instance: mamba_scan_pipeline:scan_pipeline|y_output_pipeline:y_stage
 18. Parameter Settings for User Entity Instance: mamba_scan_pipeline:scan_pipeline|y_output_pipeline:y_stage|fixed_round_shift:scale_du
 19. Parameter Settings for User Entity Instance: mamba_scan_pipeline:scan_pipeline|y_output_pipeline:y_stage|fixed_round_shift:scale_acc
 20. Analysis & Elaboration Settings
 21. Port Connectivity Checks: "mamba_scan_pipeline:scan_pipeline|y_output_pipeline:y_stage"
 22. Port Connectivity Checks: "mamba_scan_pipeline:scan_pipeline|state_update_stage:update_x_stage"
 23. Port Connectivity Checks: "mamba_scan_pipeline:scan_pipeline|scan_index_generator:index_gen"
 24. Port Connectivity Checks: "mamba_scan_pipeline:scan_pipeline"
 25. Analysis & Elaboration Messages
 26. Analysis & Elaboration Suppressed Messages



----------------
; Legal Notice ;
----------------
Copyright (C) 2019  Intel Corporation. All rights reserved.
Your use of Intel Corporation's design tools, logic functions 
and other software and tools, and any partner logic 
functions, and any output files from any of the foregoing 
(including device programming or simulation files), and any 
associated documentation or information are expressly subject 
to the terms and conditions of the Intel Program License 
Subscription Agreement, the Intel Quartus Prime License Agreement,
the Intel FPGA IP License Agreement, or other applicable license
agreement, including, without limitation, that your use is for
the sole purpose of programming logic devices manufactured by
Intel and sold by Intel or its authorized distributors.  Please
refer to the applicable agreement for further details, at
https://fpgasoftware.intel.com/eula.



+-----------------------------------------------------------------------------+
; Analysis & Elaboration Summary                                              ;
+-------------------------------+---------------------------------------------+
; Analysis & Elaboration Status ; Successful - Wed Aug 19 22:28:10 2026       ;
; Quartus Prime Version         ; 19.1.0 Build 670 09/22/2019 SJ Lite Edition ;
; Revision Name                 ; DE0_CV                                      ;
; Top-level Entity Name         ; Discretization                              ;
; Family                        ; Cyclone V                                   ;
; Logic utilization (in ALMs)   ; N/A until Partition Merge                   ;
; Total registers               ; N/A until Partition Merge                   ;
; Total pins                    ; N/A until Partition Merge                   ;
; Total virtual pins            ; N/A until Partition Merge                   ;
; Total block memory bits       ; N/A until Partition Merge                   ;
; Total PLLs                    ; N/A until Partition Merge                   ;
; Total DLLs                    ; N/A until Partition Merge                   ;
+-------------------------------+---------------------------------------------+


+------------------------------------------+
; Parallel Compilation                     ;
+----------------------------+-------------+
; Processors                 ; Number      ;
+----------------------------+-------------+
; Number detected on machine ; 16          ;
; Maximum allowed            ; 10          ;
;                            ;             ;
; Average used               ; 1.00        ;
; Maximum used               ; 1           ;
;                            ;             ;
; Usage by Processor         ; % Time Used ;
;     Processor 1            ; 100.0%      ;
+----------------------------+-------------+


+--------------------------------------------------------------------------------+
; Parameter Settings for User Entity Instance: Top-level Entity: |Discretization ;
+-----------------+-------+------------------------------------------------------+
; Parameter Name  ; Value ; Type                                                 ;
+-----------------+-------+------------------------------------------------------+
; A_size          ; 16    ; Signed Integer                                       ;
; B_size          ; 16    ; Signed Integer                                       ;
; Delta_size      ; 16    ; Signed Integer                                       ;
; U_size          ; 16    ; Signed Integer                                       ;
; C_size          ; 16    ; Signed Integer                                       ;
; D_size          ; 16    ; Signed Integer                                       ;
; L               ; 4     ; Signed Integer                                       ;
; D_IN            ; 32    ; Signed Integer                                       ;
; N               ; 16    ; Signed Integer                                       ;
; A_FRAC_BITS     ; 0     ; Signed Integer                                       ;
; B_FRAC_BITS     ; 8     ; Signed Integer                                       ;
; DELTA_FRAC_BITS ; 8     ; Signed Integer                                       ;
; U_FRAC_BITS     ; 8     ; Signed Integer                                       ;
; STATE_FRAC_BITS ; 16    ; Signed Integer                                       ;
; EXP_FRAC_BITS   ; 8     ; Signed Integer                                       ;
+-----------------+-------+------------------------------------------------------+
Note: In order to hide this table in the UI and the text report file, please set the "Show Parameter Settings in Synthesis Report" option in "Analysis and Synthesis Settings -> More Settings" to "Off".


+------------------------------------------------------------------+
; Parameter Settings for User Entity Instance: input_loader:loader ;
+----------------+-------+-----------------------------------------+
; Parameter Name ; Value ; Type                                    ;
+----------------+-------+-----------------------------------------+
; A_SIZE         ; 16    ; Signed Integer                          ;
; B_SIZE         ; 16    ; Signed Integer                          ;
; DELTA_SIZE     ; 16    ; Signed Integer                          ;
; U_SIZE         ; 16    ; Signed Integer                          ;
; C_SIZE         ; 16    ; Signed Integer                          ;
; D_SIZE         ; 16    ; Signed Integer                          ;
; L              ; 4     ; Signed Integer                          ;
; D_IN           ; 32    ; Signed Integer                          ;
; N              ; 16    ; Signed Integer                          ;
+----------------+-------+-----------------------------------------+
Note: In order to hide this table in the UI and the text report file, please set the "Show Parameter Settings in Synthesis Report" option in "Analysis and Synthesis Settings -> More Settings" to "Off".


+--------------------------------------------------------------------------------+
; Parameter Settings for User Entity Instance: mamba_scan_pipeline:scan_pipeline ;
+-----------------+-------+------------------------------------------------------+
; Parameter Name  ; Value ; Type                                                 ;
+-----------------+-------+------------------------------------------------------+
; A_SIZE          ; 16    ; Signed Integer                                       ;
; B_SIZE          ; 16    ; Signed Integer                                       ;
; DELTA_SIZE      ; 16    ; Signed Integer                                       ;
; U_SIZE          ; 16    ; Signed Integer                                       ;
; STATE_SIZE      ; 32    ; Signed Integer                                       ;
; L               ; 4     ; Signed Integer                                       ;
; D_IN            ; 32    ; Signed Integer                                       ;
; N               ; 16    ; Signed Integer                                       ;
; C_SIZE          ; 16    ; Signed Integer                                       ;
; D_SIZE          ; 16    ; Signed Integer                                       ;
; Y_SIZE          ; 32    ; Signed Integer                                       ;
; A_FRAC_BITS     ; 0     ; Signed Integer                                       ;
; B_FRAC_BITS     ; 8     ; Signed Integer                                       ;
; C_FRAC_BITS     ; 8     ; Signed Integer                                       ;
; D_FRAC_BITS     ; 8     ; Signed Integer                                       ;
; DELTA_FRAC_BITS ; 8     ; Signed Integer                                       ;
; U_FRAC_BITS     ; 8     ; Signed Integer                                       ;
; STATE_FRAC_BITS ; 16    ; Signed Integer                                       ;
; Y_FRAC_BITS     ; 16    ; Signed Integer                                       ;
; EXP_FRAC_BITS   ; 8     ; Signed Integer                                       ;
+-----------------+-------+------------------------------------------------------+
Note: In order to hide this table in the UI and the text report file, please set the "Show Parameter Settings in Synthesis Report" option in "Analysis and Synthesis Settings -> More Settings" to "Off".


+---------------------------------------------------------------------------------------------------------------+
; Parameter Settings for User Entity Instance: mamba_scan_pipeline:scan_pipeline|scan_index_generator:index_gen ;
+----------------+-------+--------------------------------------------------------------------------------------+
; Parameter Name ; Value ; Type                                                                                 ;
+----------------+-------+--------------------------------------------------------------------------------------+
; L              ; 4     ; Signed Integer                                                                       ;
; D_IN           ; 32    ; Signed Integer                                                                       ;
; N              ; 16    ; Signed Integer                                                                       ;
; L_W            ; 2     ; Signed Integer                                                                       ;
; D_W            ; 5     ; Signed Integer                                                                       ;
; N_W            ; 4     ; Signed Integer                                                                       ;
+----------------+-------+--------------------------------------------------------------------------------------+
Note: In order to hide this table in the UI and the text report file, please set the "Show Parameter Settings in Synthesis Report" option in "Analysis and Synthesis Settings -> More Settings" to "Off".


+----------------------------------------------------------------------------------------------------------------+
; Parameter Settings for User Entity Instance: mamba_scan_pipeline:scan_pipeline|delta_a_mul_stage:delta_a_stage ;
+----------------+-------+---------------------------------------------------------------------------------------+
; Parameter Name ; Value ; Type                                                                                  ;
+----------------+-------+---------------------------------------------------------------------------------------+
; A_SIZE         ; 16    ; Signed Integer                                                                        ;
; DELTA_SIZE     ; 16    ; Signed Integer                                                                        ;
; OUT_SIZE       ; 32    ; Signed Integer                                                                        ;
; L_W            ; 2     ; Signed Integer                                                                        ;
; D_W            ; 5     ; Signed Integer                                                                        ;
; N_W            ; 4     ; Signed Integer                                                                        ;
+----------------+-------+---------------------------------------------------------------------------------------+
Note: In order to hide this table in the UI and the text report file, please set the "Show Parameter Settings in Synthesis Report" option in "Analysis and Synthesis Settings -> More Settings" to "Off".


+---------------------------------------------------------------------------------------------------------------+
; Parameter Settings for User Entity Instance: mamba_scan_pipeline:scan_pipeline|exponential_pipeline:exp_stage ;
+----------------+-------+--------------------------------------------------------------------------------------+
; Parameter Name ; Value ; Type                                                                                 ;
+----------------+-------+--------------------------------------------------------------------------------------+
; SIZE           ; 32    ; Signed Integer                                                                       ;
; IN_FRAC_BITS   ; 8     ; Signed Integer                                                                       ;
; OUT_FRAC_BITS  ; 8     ; Signed Integer                                                                       ;
; L_W            ; 2     ; Signed Integer                                                                       ;
; D_W            ; 5     ; Signed Integer                                                                       ;
; N_W            ; 4     ; Signed Integer                                                                       ;
+----------------+-------+--------------------------------------------------------------------------------------+
Note: In order to hide this table in the UI and the text report file, please set the "Show Parameter Settings in Synthesis Report" option in "Analysis and Synthesis Settings -> More Settings" to "Off".


+------------------------------------------------------------------------------------------------------+
; Parameter Settings for User Entity Instance: mamba_scan_pipeline:scan_pipeline|state_memory:x_memory ;
+----------------+-------+-----------------------------------------------------------------------------+
; Parameter Name ; Value ; Type                                                                        ;
+----------------+-------+-----------------------------------------------------------------------------+
; D_IN           ; 32    ; Signed Integer                                                              ;
; N              ; 16    ; Signed Integer                                                              ;
; STATE_SIZE     ; 32    ; Signed Integer                                                              ;
; D_W            ; 5     ; Signed Integer                                                              ;
; N_W            ; 4     ; Signed Integer                                                              ;
+----------------+-------+-----------------------------------------------------------------------------+
Note: In order to hide this table in the UI and the text report file, please set the "Show Parameter Settings in Synthesis Report" option in "Analysis and Synthesis Settings -> More Settings" to "Off".


+----------------------------------------------------------------------------------------------------------------+
; Parameter Settings for User Entity Instance: mamba_scan_pipeline:scan_pipeline|exp_state_mul_stage:exp_x_stage ;
+----------------+-------+---------------------------------------------------------------------------------------+
; Parameter Name ; Value ; Type                                                                                  ;
+----------------+-------+---------------------------------------------------------------------------------------+
; EXP_SIZE       ; 32    ; Signed Integer                                                                        ;
; STATE_SIZE     ; 32    ; Signed Integer                                                                        ;
; EXP_FRAC_BITS  ; 8     ; Signed Integer                                                                        ;
; L_W            ; 2     ; Signed Integer                                                                        ;
; D_W            ; 5     ; Signed Integer                                                                        ;
; N_W            ; 4     ; Signed Integer                                                                        ;
+----------------+-------+---------------------------------------------------------------------------------------+
Note: In order to hide this table in the UI and the text report file, please set the "Show Parameter Settings in Synthesis Report" option in "Analysis and Synthesis Settings -> More Settings" to "Off".


+----------------------------------------------------------------------------------------------------------------------------------------------+
; Parameter Settings for User Entity Instance: mamba_scan_pipeline:scan_pipeline|exp_state_mul_stage:exp_x_stage|fixed_round_shift:scale_exp_x ;
+----------------+-------+---------------------------------------------------------------------------------------------------------------------+
; Parameter Name ; Value ; Type                                                                                                                ;
+----------------+-------+---------------------------------------------------------------------------------------------------------------------+
; IN_WIDTH       ; 65    ; Signed Integer                                                                                                      ;
; OUT_WIDTH      ; 32    ; Signed Integer                                                                                                      ;
; SHIFT          ; 8     ; Signed Integer                                                                                                      ;
+----------------+-------+---------------------------------------------------------------------------------------------------------------------+
Note: In order to hide this table in the UI and the text report file, please set the "Show Parameter Settings in Synthesis Report" option in "Analysis and Synthesis Settings -> More Settings" to "Off".


+-------------------------------------------------------------------------------------------------------------------+
; Parameter Settings for User Entity Instance: mamba_scan_pipeline:scan_pipeline|delta_u_b_pipeline:delta_u_b_stage ;
+----------------+-------+------------------------------------------------------------------------------------------+
; Parameter Name ; Value ; Type                                                                                     ;
+----------------+-------+------------------------------------------------------------------------------------------+
; DELTA_SIZE     ; 16    ; Signed Integer                                                                           ;
; U_SIZE         ; 16    ; Signed Integer                                                                           ;
; B_SIZE         ; 16    ; Signed Integer                                                                           ;
; OUT_SIZE       ; 32    ; Signed Integer                                                                           ;
; L_W            ; 2     ; Signed Integer                                                                           ;
; D_W            ; 5     ; Signed Integer                                                                           ;
; N_W            ; 4     ; Signed Integer                                                                           ;
+----------------+-------+------------------------------------------------------------------------------------------+
Note: In order to hide this table in the UI and the text report file, please set the "Show Parameter Settings in Synthesis Report" option in "Analysis and Synthesis Settings -> More Settings" to "Off".


+----------------------------------------------------------------------------------------------------------+
; Parameter Settings for User Entity Instance: mamba_scan_pipeline:scan_pipeline|stream_delay:align_b_path ;
+----------------+-------+---------------------------------------------------------------------------------+
; Parameter Name ; Value ; Type                                                                            ;
+----------------+-------+---------------------------------------------------------------------------------+
; DATA_WIDTH     ; 32    ; Signed Integer                                                                  ;
; LATENCY        ; 3     ; Signed Integer                                                                  ;
; L_W            ; 2     ; Signed Integer                                                                  ;
; D_W            ; 5     ; Signed Integer                                                                  ;
; N_W            ; 4     ; Signed Integer                                                                  ;
+----------------+-------+---------------------------------------------------------------------------------+
Note: In order to hide this table in the UI and the text report file, please set the "Show Parameter Settings in Synthesis Report" option in "Analysis and Synthesis Settings -> More Settings" to "Off".


+-----------------------------------------------------------------------------------------------------------------+
; Parameter Settings for User Entity Instance: mamba_scan_pipeline:scan_pipeline|fixed_round_shift:scale_delta_ub ;
+----------------+-------+----------------------------------------------------------------------------------------+
; Parameter Name ; Value ; Type                                                                                   ;
+----------------+-------+----------------------------------------------------------------------------------------+
; IN_WIDTH       ; 32    ; Signed Integer                                                                         ;
; OUT_WIDTH      ; 32    ; Signed Integer                                                                         ;
; SHIFT          ; 8     ; Signed Integer                                                                         ;
+----------------+-------+----------------------------------------------------------------------------------------+
Note: In order to hide this table in the UI and the text report file, please set the "Show Parameter Settings in Synthesis Report" option in "Analysis and Synthesis Settings -> More Settings" to "Off".


+------------------------------------------------------------------------------------------------------------------+
; Parameter Settings for User Entity Instance: mamba_scan_pipeline:scan_pipeline|state_update_stage:update_x_stage ;
+----------------+-------+-----------------------------------------------------------------------------------------+
; Parameter Name ; Value ; Type                                                                                    ;
+----------------+-------+-----------------------------------------------------------------------------------------+
; STATE_SIZE     ; 32    ; Signed Integer                                                                          ;
; L              ; 4     ; Signed Integer                                                                          ;
; D_IN           ; 32    ; Signed Integer                                                                          ;
; N              ; 16    ; Signed Integer                                                                          ;
; L_W            ; 2     ; Signed Integer                                                                          ;
; D_W            ; 5     ; Signed Integer                                                                          ;
; N_W            ; 4     ; Signed Integer                                                                          ;
+----------------+-------+-----------------------------------------------------------------------------------------+
Note: In order to hide this table in the UI and the text report file, please set the "Show Parameter Settings in Synthesis Report" option in "Analysis and Synthesis Settings -> More Settings" to "Off".


+----------------------------------------------------------------------------------------------------------+
; Parameter Settings for User Entity Instance: mamba_scan_pipeline:scan_pipeline|y_output_pipeline:y_stage ;
+-----------------+-------+--------------------------------------------------------------------------------+
; Parameter Name  ; Value ; Type                                                                           ;
+-----------------+-------+--------------------------------------------------------------------------------+
; C_SIZE          ; 16    ; Signed Integer                                                                 ;
; D_SIZE          ; 16    ; Signed Integer                                                                 ;
; U_SIZE          ; 16    ; Signed Integer                                                                 ;
; STATE_SIZE      ; 32    ; Signed Integer                                                                 ;
; Y_SIZE          ; 32    ; Signed Integer                                                                 ;
; L               ; 4     ; Signed Integer                                                                 ;
; D_IN            ; 32    ; Signed Integer                                                                 ;
; N               ; 16    ; Signed Integer                                                                 ;
; C_FRAC_BITS     ; 8     ; Signed Integer                                                                 ;
; D_FRAC_BITS     ; 8     ; Signed Integer                                                                 ;
; U_FRAC_BITS     ; 8     ; Signed Integer                                                                 ;
; STATE_FRAC_BITS ; 16    ; Signed Integer                                                                 ;
; Y_FRAC_BITS     ; 16    ; Signed Integer                                                                 ;
; L_W             ; 2     ; Signed Integer                                                                 ;
; D_W             ; 5     ; Signed Integer                                                                 ;
; N_W             ; 4     ; Signed Integer                                                                 ;
+-----------------+-------+--------------------------------------------------------------------------------+
Note: In order to hide this table in the UI and the text report file, please set the "Show Parameter Settings in Synthesis Report" option in "Analysis and Synthesis Settings -> More Settings" to "Off".


+-------------------------------------------------------------------------------------------------------------------------------------+
; Parameter Settings for User Entity Instance: mamba_scan_pipeline:scan_pipeline|y_output_pipeline:y_stage|fixed_round_shift:scale_du ;
+----------------+-------+------------------------------------------------------------------------------------------------------------+
; Parameter Name ; Value ; Type                                                                                                       ;
+----------------+-------+------------------------------------------------------------------------------------------------------------+
; IN_WIDTH       ; 32    ; Signed Integer                                                                                             ;
; OUT_WIDTH      ; 32    ; Signed Integer                                                                                             ;
; SHIFT          ; 0     ; Signed Integer                                                                                             ;
+----------------+-------+------------------------------------------------------------------------------------------------------------+
Note: In order to hide this table in the UI and the text report file, please set the "Show Parameter Settings in Synthesis Report" option in "Analysis and Synthesis Settings -> More Settings" to "Off".


+--------------------------------------------------------------------------------------------------------------------------------------+
; Parameter Settings for User Entity Instance: mamba_scan_pipeline:scan_pipeline|y_output_pipeline:y_stage|fixed_round_shift:scale_acc ;
+----------------+-------+-------------------------------------------------------------------------------------------------------------+
; Parameter Name ; Value ; Type                                                                                                        ;
+----------------+-------+-------------------------------------------------------------------------------------------------------------+
; IN_WIDTH       ; 53    ; Signed Integer                                                                                              ;
; OUT_WIDTH      ; 32    ; Signed Integer                                                                                              ;
; SHIFT          ; 8     ; Signed Integer                                                                                              ;
+----------------+-------+-------------------------------------------------------------------------------------------------------------+
Note: In order to hide this table in the UI and the text report file, please set the "Show Parameter Settings in Synthesis Report" option in "Analysis and Synthesis Settings -> More Settings" to "Off".


+---------------------------------------------------------------------------------------------------------------------------+
; Analysis & Elaboration Settings                                                                                           ;
+---------------------------------------------------------------------------------+--------------------+--------------------+
; Option                                                                          ; Setting            ; Default Value      ;
+---------------------------------------------------------------------------------+--------------------+--------------------+
; Device                                                                          ; 5CEBA4F23C7        ;                    ;
; Top-level entity name                                                           ; Discretization     ; DE0_CV             ;
; Family name                                                                     ; Cyclone V          ; Cyclone V          ;
; Use smart compilation                                                           ; Off                ; Off                ;
; Enable parallel Assembler and Timing Analyzer during compilation                ; On                 ; On                 ;
; Enable compact report table                                                     ; Off                ; Off                ;
; Restructure Multiplexers                                                        ; Auto               ; Auto               ;
; MLAB Add Timing Constraints For Mixed-Port Feed-Through Mode Setting Don't Care ; Off                ; Off                ;
; Create Debugging Nodes for IP Cores                                             ; Off                ; Off                ;
; Preserve fewer node names                                                       ; On                 ; On                 ;
; Intel FPGA IP Evaluation Mode                                                   ; Enable             ; Enable             ;
; Verilog Version                                                                 ; Verilog_2001       ; Verilog_2001       ;
; VHDL Version                                                                    ; VHDL_1993          ; VHDL_1993          ;
; State Machine Processing                                                        ; Auto               ; Auto               ;
; Safe State Machine                                                              ; Off                ; Off                ;
; Extract Verilog State Machines                                                  ; On                 ; On                 ;
; Extract VHDL State Machines                                                     ; On                 ; On                 ;
; Ignore Verilog initial constructs                                               ; Off                ; Off                ;
; Iteration limit for constant Verilog loops                                      ; 5000               ; 5000               ;
; Iteration limit for non-constant Verilog loops                                  ; 250                ; 250                ;
; Add Pass-Through Logic to Inferred RAMs                                         ; On                 ; On                 ;
; Infer RAMs from Raw Logic                                                       ; On                 ; On                 ;
; Parallel Synthesis                                                              ; On                 ; On                 ;
; DSP Block Balancing                                                             ; Auto               ; Auto               ;
; NOT Gate Push-Back                                                              ; On                 ; On                 ;
; Power-Up Don't Care                                                             ; On                 ; On                 ;
; Remove Redundant Logic Cells                                                    ; Off                ; Off                ;
; Remove Duplicate Registers                                                      ; On                 ; On                 ;
; Ignore CARRY Buffers                                                            ; Off                ; Off                ;
; Ignore CASCADE Buffers                                                          ; Off                ; Off                ;
; Ignore GLOBAL Buffers                                                           ; Off                ; Off                ;
; Ignore ROW GLOBAL Buffers                                                       ; Off                ; Off                ;
; Ignore LCELL Buffers                                                            ; Off                ; Off                ;
; Ignore SOFT Buffers                                                             ; On                 ; On                 ;
; Limit AHDL Integers to 32 Bits                                                  ; Off                ; Off                ;
; Optimization Technique                                                          ; Balanced           ; Balanced           ;
; Carry Chain Length                                                              ; 70                 ; 70                 ;
; Auto Carry Chains                                                               ; On                 ; On                 ;
; Auto Open-Drain Pins                                                            ; On                 ; On                 ;
; Perform WYSIWYG Primitive Resynthesis                                           ; Off                ; Off                ;
; Auto ROM Replacement                                                            ; On                 ; On                 ;
; Auto RAM Replacement                                                            ; On                 ; On                 ;
; Auto DSP Block Replacement                                                      ; On                 ; On                 ;
; Auto Shift Register Replacement                                                 ; Auto               ; Auto               ;
; Allow Shift Register Merging across Hierarchies                                 ; Auto               ; Auto               ;
; Auto Clock Enable Replacement                                                   ; On                 ; On                 ;
; Strict RAM Replacement                                                          ; Off                ; Off                ;
; Allow Synchronous Control Signals                                               ; On                 ; On                 ;
; Force Use of Synchronous Clear Signals                                          ; Off                ; Off                ;
; Auto Resource Sharing                                                           ; Off                ; Off                ;
; Allow Any RAM Size For Recognition                                              ; Off                ; Off                ;
; Allow Any ROM Size For Recognition                                              ; Off                ; Off                ;
; Allow Any Shift Register Size For Recognition                                   ; Off                ; Off                ;
; Use LogicLock Constraints during Resource Balancing                             ; On                 ; On                 ;
; Ignore translate_off and synthesis_off directives                               ; Off                ; Off                ;
; Timing-Driven Synthesis                                                         ; On                 ; On                 ;
; Report Parameter Settings                                                       ; On                 ; On                 ;
; Report Source Assignments                                                       ; On                 ; On                 ;
; Report Connectivity Checks                                                      ; On                 ; On                 ;
; Ignore Maximum Fan-Out Assignments                                              ; Off                ; Off                ;
; Synchronization Register Chain Length                                           ; 3                  ; 3                  ;
; Power Optimization During Synthesis                                             ; Normal compilation ; Normal compilation ;
; HDL message level                                                               ; Level2             ; Level2             ;
; Suppress Register Optimization Related Messages                                 ; Off                ; Off                ;
; Number of Removed Registers Reported in Synthesis Report                        ; 5000               ; 5000               ;
; Number of Swept Nodes Reported in Synthesis Report                              ; 5000               ; 5000               ;
; Number of Inverted Registers Reported in Synthesis Report                       ; 100                ; 100                ;
; Clock MUX Protection                                                            ; On                 ; On                 ;
; Auto Gated Clock Conversion                                                     ; Off                ; Off                ;
; Block Design Naming                                                             ; Auto               ; Auto               ;
; SDC constraint protection                                                       ; Off                ; Off                ;
; Synthesis Effort                                                                ; Auto               ; Auto               ;
; Shift Register Replacement - Allow Asynchronous Clear Signal                    ; On                 ; On                 ;
; Pre-Mapping Resynthesis Optimization                                            ; Off                ; Off                ;
; Analysis & Synthesis Message Level                                              ; Medium             ; Medium             ;
; Disable Register Merging Across Hierarchies                                     ; Auto               ; Auto               ;
; Resource Aware Inference For Block RAM                                          ; On                 ; On                 ;
; Automatic Parallel Synthesis                                                    ; On                 ; On                 ;
; Partial Reconfiguration Bitstream ID                                            ; Off                ; Off                ;
+---------------------------------------------------------------------------------+--------------------+--------------------+


+-----------------------------------------------------------------------------------------------------------------+
; Port Connectivity Checks: "mamba_scan_pipeline:scan_pipeline|y_output_pipeline:y_stage"                         ;
+-------+--------+----------+-------------------------------------------------------------------------------------+
; Port  ; Type   ; Severity ; Details                                                                             ;
+-------+--------+----------+-------------------------------------------------------------------------------------+
; out_l ; Output ; Info     ; Connected to dangling logic. Logic that only feeds a dangling port will be removed. ;
; out_d ; Output ; Info     ; Connected to dangling logic. Logic that only feeds a dangling port will be removed. ;
+-------+--------+----------+-------------------------------------------------------------------------------------+


+---------------------------------------------------------------------------------------------------------------------+
; Port Connectivity Checks: "mamba_scan_pipeline:scan_pipeline|state_update_stage:update_x_stage"                     ;
+-----------+--------+----------+-------------------------------------------------------------------------------------+
; Port      ; Type   ; Severity ; Details                                                                             ;
+-----------+--------+----------+-------------------------------------------------------------------------------------+
; out_valid ; Output ; Info     ; Connected to dangling logic. Logic that only feeds a dangling port will be removed. ;
; finish    ; Output ; Info     ; Connected to dangling logic. Logic that only feeds a dangling port will be removed. ;
+-----------+--------+----------+-------------------------------------------------------------------------------------+


+---------------------------------------------------------------------------------------------------------------------+
; Port Connectivity Checks: "mamba_scan_pipeline:scan_pipeline|scan_index_generator:index_gen"                        ;
+-----------+--------+----------+-------------------------------------------------------------------------------------+
; Port      ; Type   ; Severity ; Details                                                                             ;
+-----------+--------+----------+-------------------------------------------------------------------------------------+
; busy      ; Output ; Info     ; Connected to dangling logic. Logic that only feeds a dangling port will be removed. ;
; scan_done ; Output ; Info     ; Connected to dangling logic. Logic that only feeds a dangling port will be removed. ;
+-----------+--------+----------+-------------------------------------------------------------------------------------+


+---------------------------------------------------------------------------------------------------------------------------+
; Port Connectivity Checks: "mamba_scan_pipeline:scan_pipeline"                                                             ;
+-----------------+--------+----------+-------------------------------------------------------------------------------------+
; Port            ; Type   ; Severity ; Details                                                                             ;
+-----------------+--------+----------+-------------------------------------------------------------------------------------+
; alignment_error ; Output ; Info     ; Connected to dangling logic. Logic that only feeds a dangling port will be removed. ;
+-----------------+--------+----------+-------------------------------------------------------------------------------------+


+---------------------------------+
; Analysis & Elaboration Messages ;
+---------------------------------+
Info: *******************************************************************
Info: Running Quartus Prime Analysis & Elaboration
    Info: Version 19.1.0 Build 670 09/22/2019 SJ Lite Edition
    Info: Processing started: Wed Aug 19 22:27:59 2026
Info: Command: quartus_map --read_settings_files=on --write_settings_files=off DE0_CV -c DE0_CV --analysis_and_elaboration
Warning (18236): Number of processors has not been specified which may cause overloading on shared machines.  Set the global assignment NUM_PARALLEL_PROCESSORS in your QSF to an appropriate value for best performance.
Info (20030): Parallel compilation is enabled and will use 10 of the 10 processors detected
Info (12021): Found 1 design units, including 1 entities, in source file rom_input_data_bb.v
    Info (12023): Found entity 1: rom_input_data File: C:/mamba/Mamba_By_System-Verilog/MAMBA/DE0_CV/rom_input_data_bb.v Line: 35
Info (12021): Found 1 design units, including 1 entities, in source file simulation/tb/testbench.sv
    Info (12023): Found entity 1: testbench File: C:/mamba/Mamba_By_System-Verilog/MAMBA/DE0_CV/simulation/tb/testbench.sv Line: 3
Info (12021): Found 1 design units, including 1 entities, in source file design/discretization.sv
    Info (12023): Found entity 1: Discretization File: C:/mamba/Mamba_By_System-Verilog/MAMBA/DE0_CV/design/Discretization.sv Line: 1
Info (12021): Found 2 design units, including 2 entities, in source file design/de0_cv.sv
    Info (12023): Found entity 1: DE0_CV File: C:/mamba/Mamba_By_System-Verilog/MAMBA/DE0_CV/design/DE0_CV.sv Line: 6
    Info (12023): Found entity 2: hex_decoder File: C:/mamba/Mamba_By_System-Verilog/MAMBA/DE0_CV/design/DE0_CV.sv Line: 188
Info (12021): Found 1 design units, including 1 entities, in source file design/delta_u_b_pipeline.sv
    Info (12023): Found entity 1: delta_u_b_pipeline File: C:/mamba/Mamba_By_System-Verilog/MAMBA/DE0_CV/design/delta_u_b_pipeline.sv Line: 1
Info (12021): Found 1 design units, including 1 entities, in source file design/input_loader.sv
    Info (12023): Found entity 1: input_loader File: C:/mamba/Mamba_By_System-Verilog/MAMBA/DE0_CV/design/input_loader.sv Line: 1
Info (12021): Found 1 design units, including 1 entities, in source file design/mamba_scan_pipeline.sv
    Info (12023): Found entity 1: mamba_scan_pipeline File: C:/mamba/Mamba_By_System-Verilog/MAMBA/DE0_CV/design/mamba_scan_pipeline.sv Line: 1
Info (12021): Found 1 design units, including 1 entities, in source file design/scan_index_generator.sv
    Info (12023): Found entity 1: scan_index_generator File: C:/mamba/Mamba_By_System-Verilog/MAMBA/DE0_CV/design/scan_index_generator.sv Line: 1
Info (12021): Found 1 design units, including 1 entities, in source file design/delta_a_mul_stage.sv
    Info (12023): Found entity 1: delta_a_mul_stage File: C:/mamba/Mamba_By_System-Verilog/MAMBA/DE0_CV/design/delta_a_mul_stage.sv Line: 1
Info (12021): Found 1 design units, including 1 entities, in source file design/exponential_pipeline.sv
    Info (12023): Found entity 1: exponential_pipeline File: C:/mamba/Mamba_By_System-Verilog/MAMBA/DE0_CV/design/exponential_pipeline.sv Line: 1
Info (12021): Found 1 design units, including 1 entities, in source file design/state_memory.sv
    Info (12023): Found entity 1: state_memory File: C:/mamba/Mamba_By_System-Verilog/MAMBA/DE0_CV/design/state_memory.sv Line: 1
Info (12021): Found 1 design units, including 1 entities, in source file design/exp_state_mul_stage.sv
    Info (12023): Found entity 1: exp_state_mul_stage File: C:/mamba/Mamba_By_System-Verilog/MAMBA/DE0_CV/design/exp_state_mul_stage.sv Line: 1
Info (12021): Found 1 design units, including 1 entities, in source file design/stream_delay.sv
    Info (12023): Found entity 1: stream_delay File: C:/mamba/Mamba_By_System-Verilog/MAMBA/DE0_CV/design/stream_delay.sv Line: 1
Info (12021): Found 1 design units, including 1 entities, in source file design/fixed_round_shift.sv
    Info (12023): Found entity 1: fixed_round_shift File: C:/mamba/Mamba_By_System-Verilog/MAMBA/DE0_CV/design/fixed_round_shift.sv Line: 1
Info (12021): Found 1 design units, including 1 entities, in source file design/state_update_stage.sv
    Info (12023): Found entity 1: state_update_stage File: C:/mamba/Mamba_By_System-Verilog/MAMBA/DE0_CV/design/state_update_stage.sv Line: 1
Info (12021): Found 1 design units, including 1 entities, in source file design/y_output_pipeline.sv
    Info (12023): Found entity 1: y_output_pipeline File: C:/mamba/Mamba_By_System-Verilog/MAMBA/DE0_CV/design/y_output_pipeline.sv Line: 1
Info (12021): Found 1 design units, including 1 entities, in source file mamba_input_rom.v
    Info (12023): Found entity 1: mamba_input_rom File: C:/mamba/Mamba_By_System-Verilog/MAMBA/DE0_CV/mamba_input_rom.v Line: 40
Info (12127): Elaborating entity "Discretization" for the top level hierarchy
Info (10008): Verilog HDL or VHDL information: EDA Netlist Writer cannot regroup multidimensional array "reg_A" into its bus
Info (10008): Verilog HDL or VHDL information: EDA Netlist Writer cannot regroup multidimensional array "reg_B" into its bus
Info (10008): Verilog HDL or VHDL information: EDA Netlist Writer cannot regroup multidimensional array "reg_delta" into its bus
Info (10008): Verilog HDL or VHDL information: EDA Netlist Writer cannot regroup multidimensional array "reg_u" into its bus
Info (10008): Verilog HDL or VHDL information: EDA Netlist Writer cannot regroup multidimensional array "reg_c" into its bus
Info (12128): Elaborating entity "input_loader" for hierarchy "input_loader:loader" File: C:/mamba/Mamba_By_System-Verilog/MAMBA/DE0_CV/design/Discretization.sv Line: 74
Info (10008): Verilog HDL or VHDL information: EDA Netlist Writer cannot regroup multidimensional array "reg_A" into its bus
Info (10008): Verilog HDL or VHDL information: EDA Netlist Writer cannot regroup multidimensional array "reg_B" into its bus
Info (10008): Verilog HDL or VHDL information: EDA Netlist Writer cannot regroup multidimensional array "reg_delta" into its bus
Info (10008): Verilog HDL or VHDL information: EDA Netlist Writer cannot regroup multidimensional array "reg_u" into its bus
Info (10008): Verilog HDL or VHDL information: EDA Netlist Writer cannot regroup multidimensional array "reg_c" into its bus
Info (10008): Verilog HDL or VHDL information: EDA Netlist Writer cannot regroup multidimensional array "reg_A" into its bus
Info (10008): Verilog HDL or VHDL information: EDA Netlist Writer cannot regroup multidimensional array "reg_B" into its bus
Info (10008): Verilog HDL or VHDL information: EDA Netlist Writer cannot regroup multidimensional array "reg_delta" into its bus
Info (10008): Verilog HDL or VHDL information: EDA Netlist Writer cannot regroup multidimensional array "reg_u" into its bus
Info (10008): Verilog HDL or VHDL information: EDA Netlist Writer cannot regroup multidimensional array "reg_c" into its bus
Info (12128): Elaborating entity "mamba_scan_pipeline" for hierarchy "mamba_scan_pipeline:scan_pipeline" File: C:/mamba/Mamba_By_System-Verilog/MAMBA/DE0_CV/design/Discretization.sv Line: 107
Info (10008): Verilog HDL or VHDL information: EDA Netlist Writer cannot regroup multidimensional array "reg_A" into its bus
Info (10008): Verilog HDL or VHDL information: EDA Netlist Writer cannot regroup multidimensional array "reg_B" into its bus
Info (10008): Verilog HDL or VHDL information: EDA Netlist Writer cannot regroup multidimensional array "reg_delta" into its bus
Info (10008): Verilog HDL or VHDL information: EDA Netlist Writer cannot regroup multidimensional array "reg_u" into its bus
Info (10008): Verilog HDL or VHDL information: EDA Netlist Writer cannot regroup multidimensional array "reg_c" into its bus
Info (10008): Verilog HDL or VHDL information: EDA Netlist Writer cannot regroup multidimensional array "reg_A" into its bus
Info (10008): Verilog HDL or VHDL information: EDA Netlist Writer cannot regroup multidimensional array "reg_B" into its bus
Info (10008): Verilog HDL or VHDL information: EDA Netlist Writer cannot regroup multidimensional array "reg_delta" into its bus
Info (10008): Verilog HDL or VHDL information: EDA Netlist Writer cannot regroup multidimensional array "reg_u" into its bus
Info (10008): Verilog HDL or VHDL information: EDA Netlist Writer cannot regroup multidimensional array "reg_c" into its bus
Info (12128): Elaborating entity "scan_index_generator" for hierarchy "mamba_scan_pipeline:scan_pipeline|scan_index_generator:index_gen" File: C:/mamba/Mamba_By_System-Verilog/MAMBA/DE0_CV/design/mamba_scan_pipeline.sv Line: 102
Info (12128): Elaborating entity "delta_a_mul_stage" for hierarchy "mamba_scan_pipeline:scan_pipeline|delta_a_mul_stage:delta_a_stage" File: C:/mamba/Mamba_By_System-Verilog/MAMBA/DE0_CV/design/mamba_scan_pipeline.sv Line: 134
Info (12128): Elaborating entity "exponential_pipeline" for hierarchy "mamba_scan_pipeline:scan_pipeline|exponential_pipeline:exp_stage" File: C:/mamba/Mamba_By_System-Verilog/MAMBA/DE0_CV/design/mamba_scan_pipeline.sv Line: 162
Warning (10230): Verilog HDL assignment warning at exponential_pipeline.sv(150): truncated value with size 42 to match size of target (32) File: C:/mamba/Mamba_By_System-Verilog/MAMBA/DE0_CV/design/exponential_pipeline.sv Line: 150
Info (12128): Elaborating entity "state_memory" for hierarchy "mamba_scan_pipeline:scan_pipeline|state_memory:x_memory" File: C:/mamba/Mamba_By_System-Verilog/MAMBA/DE0_CV/design/mamba_scan_pipeline.sv Line: 188
Info (10008): Verilog HDL or VHDL information: EDA Netlist Writer cannot regroup multidimensional array "x_mem" into its bus
Info (12128): Elaborating entity "exp_state_mul_stage" for hierarchy "mamba_scan_pipeline:scan_pipeline|exp_state_mul_stage:exp_x_stage" File: C:/mamba/Mamba_By_System-Verilog/MAMBA/DE0_CV/design/mamba_scan_pipeline.sv Line: 217
Info (12128): Elaborating entity "fixed_round_shift" for hierarchy "mamba_scan_pipeline:scan_pipeline|exp_state_mul_stage:exp_x_stage|fixed_round_shift:scale_exp_x" File: C:/mamba/Mamba_By_System-Verilog/MAMBA/DE0_CV/design/exp_state_mul_stage.sv Line: 44
Warning (10230): Verilog HDL assignment warning at fixed_round_shift.sv(31): truncated value with size 66 to match size of target (32) File: C:/mamba/Mamba_By_System-Verilog/MAMBA/DE0_CV/design/fixed_round_shift.sv Line: 31
Warning (10230): Verilog HDL assignment warning at fixed_round_shift.sv(36): truncated value with size 66 to match size of target (32) File: C:/mamba/Mamba_By_System-Verilog/MAMBA/DE0_CV/design/fixed_round_shift.sv Line: 36
Info (12128): Elaborating entity "delta_u_b_pipeline" for hierarchy "mamba_scan_pipeline:scan_pipeline|delta_u_b_pipeline:delta_u_b_stage" File: C:/mamba/Mamba_By_System-Verilog/MAMBA/DE0_CV/design/mamba_scan_pipeline.sv Line: 251
Info (12128): Elaborating entity "stream_delay" for hierarchy "mamba_scan_pipeline:scan_pipeline|stream_delay:align_b_path" File: C:/mamba/Mamba_By_System-Verilog/MAMBA/DE0_CV/design/mamba_scan_pipeline.sv Line: 278
Info (12128): Elaborating entity "fixed_round_shift" for hierarchy "mamba_scan_pipeline:scan_pipeline|fixed_round_shift:scale_delta_ub" File: C:/mamba/Mamba_By_System-Verilog/MAMBA/DE0_CV/design/mamba_scan_pipeline.sv Line: 289
Warning (10230): Verilog HDL assignment warning at fixed_round_shift.sv(31): truncated value with size 33 to match size of target (32) File: C:/mamba/Mamba_By_System-Verilog/MAMBA/DE0_CV/design/fixed_round_shift.sv Line: 31
Warning (10230): Verilog HDL assignment warning at fixed_round_shift.sv(36): truncated value with size 33 to match size of target (32) File: C:/mamba/Mamba_By_System-Verilog/MAMBA/DE0_CV/design/fixed_round_shift.sv Line: 36
Info (12128): Elaborating entity "state_update_stage" for hierarchy "mamba_scan_pipeline:scan_pipeline|state_update_stage:update_x_stage" File: C:/mamba/Mamba_By_System-Verilog/MAMBA/DE0_CV/design/mamba_scan_pipeline.sv Line: 326
Info (12128): Elaborating entity "y_output_pipeline" for hierarchy "mamba_scan_pipeline:scan_pipeline|y_output_pipeline:y_stage" File: C:/mamba/Mamba_By_System-Verilog/MAMBA/DE0_CV/design/mamba_scan_pipeline.sv Line: 368
Info (12128): Elaborating entity "fixed_round_shift" for hierarchy "mamba_scan_pipeline:scan_pipeline|y_output_pipeline:y_stage|fixed_round_shift:scale_du" File: C:/mamba/Mamba_By_System-Verilog/MAMBA/DE0_CV/design/y_output_pipeline.sv Line: 81
Info (12128): Elaborating entity "fixed_round_shift" for hierarchy "mamba_scan_pipeline:scan_pipeline|y_output_pipeline:y_stage|fixed_round_shift:scale_acc" File: C:/mamba/Mamba_By_System-Verilog/MAMBA/DE0_CV/design/y_output_pipeline.sv Line: 104
Warning (10230): Verilog HDL assignment warning at fixed_round_shift.sv(31): truncated value with size 54 to match size of target (32) File: C:/mamba/Mamba_By_System-Verilog/MAMBA/DE0_CV/design/fixed_round_shift.sv Line: 31
Warning (10230): Verilog HDL assignment warning at fixed_round_shift.sv(36): truncated value with size 54 to match size of target (32) File: C:/mamba/Mamba_By_System-Verilog/MAMBA/DE0_CV/design/fixed_round_shift.sv Line: 36
Info (144001): Generated suppressed messages file C:/mamba/Mamba_By_System-Verilog/MAMBA/DE0_CV/DE0_CV.map.smsg
Info: Quartus Prime Analysis & Elaboration was successful. 0 errors, 8 warnings
    Info: Peak virtual memory: 4956 megabytes
    Info: Processing ended: Wed Aug 19 22:28:10 2026
    Info: Elapsed time: 00:00:11
    Info: Total CPU time (on all processors): 00:00:16


+--------------------------------------------+
; Analysis & Elaboration Suppressed Messages ;
+--------------------------------------------+
The suppressed messages can be found in C:/mamba/Mamba_By_System-Verilog/MAMBA/DE0_CV/DE0_CV.map.smsg.


