Analysis & Elaboration report for DE0_CV
Wed Jul 29 14:51:02 2026
Quartus Prime Version 19.1.0 Build 670 09/22/2019 SJ Lite Edition


---------------------
; Table of Contents ;
---------------------
  1. Legal Notice
  2. Analysis & Elaboration Summary
  3. Parallel Compilation
  4. Parameter Settings for User Entity Instance: Top-level Entity: |Discretization
  5. Parameter Settings for User Entity Instance: deltaA_deltaB:delta_mul
  6. Parameter Settings for User Entity Instance: Exponential:exp_unit
  7. Parameter Settings for User Entity Instance: deltaB_u:deltaBU_mul
  8. Parameter Settings for User Entity Instance: exp_delta_A_x:exp_deltaA_x_unit
  9. Analysis & Elaboration Settings
 10. Analysis & Elaboration Messages
 11. Analysis & Elaboration Suppressed Messages



----------------
; Legal Notice ;
----------------
Copyright (C) 2019  Intel Corporation. All rights reserved.
Your use of Intel Corporation's design tools, logic functions 
and other software and tools, and any partner logic 
functions, and any output files from any of the foregoing 
(including device programming or simulation files), and any 
associated documentation or information are expressly subject 
to the terms and conditions of the Intel Program License 
Subscription Agreement, the Intel Quartus Prime License Agreement,
the Intel FPGA IP License Agreement, or other applicable license
agreement, including, without limitation, that your use is for
the sole purpose of programming logic devices manufactured by
Intel and sold by Intel or its authorized distributors.  Please
refer to the applicable agreement for further details, at
https://fpgasoftware.intel.com/eula.



+-----------------------------------------------------------------------------+
; Analysis & Elaboration Summary                                              ;
+-------------------------------+---------------------------------------------+
; Analysis & Elaboration Status ; Successful - Wed Jul 29 14:51:02 2026       ;
; Quartus Prime Version         ; 19.1.0 Build 670 09/22/2019 SJ Lite Edition ;
; Revision Name                 ; DE0_CV                                      ;
; Top-level Entity Name         ; Discretization                              ;
; Family                        ; Cyclone V                                   ;
; Logic utilization (in ALMs)   ; N/A until Partition Merge                   ;
; Total registers               ; N/A until Partition Merge                   ;
; Total pins                    ; N/A until Partition Merge                   ;
; Total virtual pins            ; N/A until Partition Merge                   ;
; Total block memory bits       ; N/A until Partition Merge                   ;
; Total PLLs                    ; N/A until Partition Merge                   ;
; Total DLLs                    ; N/A until Partition Merge                   ;
+-------------------------------+---------------------------------------------+


+------------------------------------------+
; Parallel Compilation                     ;
+----------------------------+-------------+
; Processors                 ; Number      ;
+----------------------------+-------------+
; Number detected on machine ; 16          ;
; Maximum allowed            ; 10          ;
;                            ;             ;
; Average used               ; 1.00        ;
; Maximum used               ; 1           ;
;                            ;             ;
; Usage by Processor         ; % Time Used ;
;     Processor 1            ; 100.0%      ;
+----------------------------+-------------+


+--------------------------------------------------------------------------------+
; Parameter Settings for User Entity Instance: Top-level Entity: |Discretization ;
+----------------+-------+-------------------------------------------------------+
; Parameter Name ; Value ; Type                                                  ;
+----------------+-------+-------------------------------------------------------+
; A_size         ; 16    ; Signed Integer                                        ;
; B_size         ; 16    ; Signed Integer                                        ;
; Delta_size     ; 16    ; Signed Integer                                        ;
; U_size         ; 16    ; Signed Integer                                        ;
; L              ; 4     ; Signed Integer                                        ;
; D_IN           ; 32    ; Signed Integer                                        ;
; N              ; 16    ; Signed Integer                                        ;
+----------------+-------+-------------------------------------------------------+
Note: In order to hide this table in the UI and the text report file, please set the "Show Parameter Settings in Synthesis Report" option in "Analysis and Synthesis Settings -> More Settings" to "Off".


+----------------------------------------------------------------------+
; Parameter Settings for User Entity Instance: deltaA_deltaB:delta_mul ;
+----------------+-------+---------------------------------------------+
; Parameter Name ; Value ; Type                                        ;
+----------------+-------+---------------------------------------------+
; A_size         ; 16    ; Signed Integer                              ;
; B_size         ; 16    ; Signed Integer                              ;
; Delta_size     ; 16    ; Signed Integer                              ;
; L              ; 4     ; Signed Integer                              ;
; D_IN           ; 32    ; Signed Integer                              ;
; N              ; 16    ; Signed Integer                              ;
; DELTA_A_SIZE   ; 32    ; Signed Integer                              ;
; DELTA_B_SIZE   ; 32    ; Signed Integer                              ;
+----------------+-------+---------------------------------------------+
Note: In order to hide this table in the UI and the text report file, please set the "Show Parameter Settings in Synthesis Report" option in "Analysis and Synthesis Settings -> More Settings" to "Off".


+-------------------------------------------------------------------+
; Parameter Settings for User Entity Instance: Exponential:exp_unit ;
+----------------+-------+------------------------------------------+
; Parameter Name ; Value ; Type                                     ;
+----------------+-------+------------------------------------------+
; SIZE           ; 32    ; Signed Integer                           ;
+----------------+-------+------------------------------------------+
Note: In order to hide this table in the UI and the text report file, please set the "Show Parameter Settings in Synthesis Report" option in "Analysis and Synthesis Settings -> More Settings" to "Off".


+-------------------------------------------------------------------+
; Parameter Settings for User Entity Instance: deltaB_u:deltaBU_mul ;
+----------------+-------+------------------------------------------+
; Parameter Name ; Value ; Type                                     ;
+----------------+-------+------------------------------------------+
; L              ; 4     ; Signed Integer                           ;
; D_IN           ; 32    ; Signed Integer                           ;
; N              ; 16    ; Signed Integer                           ;
; U_SIZE         ; 16    ; Signed Integer                           ;
; DELTA_B_SIZE   ; 32    ; Signed Integer                           ;
; DELTA_BU_SIZE  ; 32    ; Signed Integer                           ;
+----------------+-------+------------------------------------------+
Note: In order to hide this table in the UI and the text report file, please set the "Show Parameter Settings in Synthesis Report" option in "Analysis and Synthesis Settings -> More Settings" to "Off".


+------------------------------------------------------------------------------+
; Parameter Settings for User Entity Instance: exp_delta_A_x:exp_deltaA_x_unit ;
+----------------+-------+-----------------------------------------------------+
; Parameter Name ; Value ; Type                                                ;
+----------------+-------+-----------------------------------------------------+
; EXP_SIZE       ; 32    ; Signed Integer                                      ;
; X_SIZE         ; 32    ; Signed Integer                                      ;
; OUT_SIZE       ; 32    ; Signed Integer                                      ;
; EXP_FRAC_BITS  ; 8     ; Signed Integer                                      ;
+----------------+-------+-----------------------------------------------------+
Note: In order to hide this table in the UI and the text report file, please set the "Show Parameter Settings in Synthesis Report" option in "Analysis and Synthesis Settings -> More Settings" to "Off".


+---------------------------------------------------------------------------------------------------------------------------+
; Analysis & Elaboration Settings                                                                                           ;
+---------------------------------------------------------------------------------+--------------------+--------------------+
; Option                                                                          ; Setting            ; Default Value      ;
+---------------------------------------------------------------------------------+--------------------+--------------------+
; Device                                                                          ; 5CEBA4F23C7        ;                    ;
; Top-level entity name                                                           ; Discretization     ; DE0_CV             ;
; Family name                                                                     ; Cyclone V          ; Cyclone V          ;
; Use smart compilation                                                           ; Off                ; Off                ;
; Enable parallel Assembler and Timing Analyzer during compilation                ; On                 ; On                 ;
; Enable compact report table                                                     ; Off                ; Off                ;
; Restructure Multiplexers                                                        ; Auto               ; Auto               ;
; MLAB Add Timing Constraints For Mixed-Port Feed-Through Mode Setting Don't Care ; Off                ; Off                ;
; Create Debugging Nodes for IP Cores                                             ; Off                ; Off                ;
; Preserve fewer node names                                                       ; On                 ; On                 ;
; Intel FPGA IP Evaluation Mode                                                   ; Enable             ; Enable             ;
; Verilog Version                                                                 ; Verilog_2001       ; Verilog_2001       ;
; VHDL Version                                                                    ; VHDL_1993          ; VHDL_1993          ;
; State Machine Processing                                                        ; Auto               ; Auto               ;
; Safe State Machine                                                              ; Off                ; Off                ;
; Extract Verilog State Machines                                                  ; On                 ; On                 ;
; Extract VHDL State Machines                                                     ; On                 ; On                 ;
; Ignore Verilog initial constructs                                               ; Off                ; Off                ;
; Iteration limit for constant Verilog loops                                      ; 5000               ; 5000               ;
; Iteration limit for non-constant Verilog loops                                  ; 250                ; 250                ;
; Add Pass-Through Logic to Inferred RAMs                                         ; On                 ; On                 ;
; Infer RAMs from Raw Logic                                                       ; On                 ; On                 ;
; Parallel Synthesis                                                              ; On                 ; On                 ;
; DSP Block Balancing                                                             ; Auto               ; Auto               ;
; NOT Gate Push-Back                                                              ; On                 ; On                 ;
; Power-Up Don't Care                                                             ; On                 ; On                 ;
; Remove Redundant Logic Cells                                                    ; Off                ; Off                ;
; Remove Duplicate Registers                                                      ; On                 ; On                 ;
; Ignore CARRY Buffers                                                            ; Off                ; Off                ;
; Ignore CASCADE Buffers                                                          ; Off                ; Off                ;
; Ignore GLOBAL Buffers                                                           ; Off                ; Off                ;
; Ignore ROW GLOBAL Buffers                                                       ; Off                ; Off                ;
; Ignore LCELL Buffers                                                            ; Off                ; Off                ;
; Ignore SOFT Buffers                                                             ; On                 ; On                 ;
; Limit AHDL Integers to 32 Bits                                                  ; Off                ; Off                ;
; Optimization Technique                                                          ; Balanced           ; Balanced           ;
; Carry Chain Length                                                              ; 70                 ; 70                 ;
; Auto Carry Chains                                                               ; On                 ; On                 ;
; Auto Open-Drain Pins                                                            ; On                 ; On                 ;
; Perform WYSIWYG Primitive Resynthesis                                           ; Off                ; Off                ;
; Auto ROM Replacement                                                            ; On                 ; On                 ;
; Auto RAM Replacement                                                            ; On                 ; On                 ;
; Auto DSP Block Replacement                                                      ; On                 ; On                 ;
; Auto Shift Register Replacement                                                 ; Auto               ; Auto               ;
; Allow Shift Register Merging across Hierarchies                                 ; Auto               ; Auto               ;
; Auto Clock Enable Replacement                                                   ; On                 ; On                 ;
; Strict RAM Replacement                                                          ; Off                ; Off                ;
; Allow Synchronous Control Signals                                               ; On                 ; On                 ;
; Force Use of Synchronous Clear Signals                                          ; Off                ; Off                ;
; Auto Resource Sharing                                                           ; Off                ; Off                ;
; Allow Any RAM Size For Recognition                                              ; Off                ; Off                ;
; Allow Any ROM Size For Recognition                                              ; Off                ; Off                ;
; Allow Any Shift Register Size For Recognition                                   ; Off                ; Off                ;
; Use LogicLock Constraints during Resource Balancing                             ; On                 ; On                 ;
; Ignore translate_off and synthesis_off directives                               ; Off                ; Off                ;
; Timing-Driven Synthesis                                                         ; On                 ; On                 ;
; Report Parameter Settings                                                       ; On                 ; On                 ;
; Report Source Assignments                                                       ; On                 ; On                 ;
; Report Connectivity Checks                                                      ; On                 ; On                 ;
; Ignore Maximum Fan-Out Assignments                                              ; Off                ; Off                ;
; Synchronization Register Chain Length                                           ; 3                  ; 3                  ;
; Power Optimization During Synthesis                                             ; Normal compilation ; Normal compilation ;
; HDL message level                                                               ; Level2             ; Level2             ;
; Suppress Register Optimization Related Messages                                 ; Off                ; Off                ;
; Number of Removed Registers Reported in Synthesis Report                        ; 5000               ; 5000               ;
; Number of Swept Nodes Reported in Synthesis Report                              ; 5000               ; 5000               ;
; Number of Inverted Registers Reported in Synthesis Report                       ; 100                ; 100                ;
; Clock MUX Protection                                                            ; On                 ; On                 ;
; Auto Gated Clock Conversion                                                     ; Off                ; Off                ;
; Block Design Naming                                                             ; Auto               ; Auto               ;
; SDC constraint protection                                                       ; Off                ; Off                ;
; Synthesis Effort                                                                ; Auto               ; Auto               ;
; Shift Register Replacement - Allow Asynchronous Clear Signal                    ; On                 ; On                 ;
; Pre-Mapping Resynthesis Optimization                                            ; Off                ; Off                ;
; Analysis & Synthesis Message Level                                              ; Medium             ; Medium             ;
; Disable Register Merging Across Hierarchies                                     ; Auto               ; Auto               ;
; Resource Aware Inference For Block RAM                                          ; On                 ; On                 ;
; Automatic Parallel Synthesis                                                    ; On                 ; On                 ;
; Partial Reconfiguration Bitstream ID                                            ; Off                ; Off                ;
+---------------------------------------------------------------------------------+--------------------+--------------------+


+---------------------------------+
; Analysis & Elaboration Messages ;
+---------------------------------+
Info: *******************************************************************
Info: Running Quartus Prime Analysis & Elaboration
    Info: Version 19.1.0 Build 670 09/22/2019 SJ Lite Edition
    Info: Processing started: Wed Jul 29 14:50:10 2026
Info: Command: quartus_map --read_settings_files=on --write_settings_files=off DE0_CV -c DE0_CV --analysis_and_elaboration
Warning (18236): Number of processors has not been specified which may cause overloading on shared machines.  Set the global assignment NUM_PARALLEL_PROCESSORS in your QSF to an appropriate value for best performance.
Info (20030): Parallel compilation is enabled and will use 10 of the 10 processors detected
Warning (10090): Verilog HDL syntax warning at Exponential.sv(16): extra block comment delimiter characters /* within block comment File: C:/mamba/Mamba_By_System-Verilog/MAMBA/DE0_CV/design/Exponential.sv Line: 16
Warning (10090): Verilog HDL syntax warning at Exponential.sv(18): extra block comment delimiter characters /* within block comment File: C:/mamba/Mamba_By_System-Verilog/MAMBA/DE0_CV/design/Exponential.sv Line: 18
Warning (10090): Verilog HDL syntax warning at Exponential.sv(22): extra block comment delimiter characters /* within block comment File: C:/mamba/Mamba_By_System-Verilog/MAMBA/DE0_CV/design/Exponential.sv Line: 22
Warning (10090): Verilog HDL syntax warning at Exponential.sv(24): extra block comment delimiter characters /* within block comment File: C:/mamba/Mamba_By_System-Verilog/MAMBA/DE0_CV/design/Exponential.sv Line: 24
Warning (10090): Verilog HDL syntax warning at Exponential.sv(28): extra block comment delimiter characters /* within block comment File: C:/mamba/Mamba_By_System-Verilog/MAMBA/DE0_CV/design/Exponential.sv Line: 28
Warning (10090): Verilog HDL syntax warning at Exponential.sv(30): extra block comment delimiter characters /* within block comment File: C:/mamba/Mamba_By_System-Verilog/MAMBA/DE0_CV/design/Exponential.sv Line: 30
Warning (10090): Verilog HDL syntax warning at Exponential.sv(34): extra block comment delimiter characters /* within block comment File: C:/mamba/Mamba_By_System-Verilog/MAMBA/DE0_CV/design/Exponential.sv Line: 34
Warning (10090): Verilog HDL syntax warning at Exponential.sv(36): extra block comment delimiter characters /* within block comment File: C:/mamba/Mamba_By_System-Verilog/MAMBA/DE0_CV/design/Exponential.sv Line: 36
Warning (10090): Verilog HDL syntax warning at Exponential.sv(40): extra block comment delimiter characters /* within block comment File: C:/mamba/Mamba_By_System-Verilog/MAMBA/DE0_CV/design/Exponential.sv Line: 40
Warning (10090): Verilog HDL syntax warning at Exponential.sv(42): extra block comment delimiter characters /* within block comment File: C:/mamba/Mamba_By_System-Verilog/MAMBA/DE0_CV/design/Exponential.sv Line: 42
Warning (10090): Verilog HDL syntax warning at Exponential.sv(46): extra block comment delimiter characters /* within block comment File: C:/mamba/Mamba_By_System-Verilog/MAMBA/DE0_CV/design/Exponential.sv Line: 46
Warning (10090): Verilog HDL syntax warning at Exponential.sv(48): extra block comment delimiter characters /* within block comment File: C:/mamba/Mamba_By_System-Verilog/MAMBA/DE0_CV/design/Exponential.sv Line: 48
Info (12021): Found 1 design units, including 1 entities, in source file design/exponential.sv
    Info (12023): Found entity 1: Exponential File: C:/mamba/Mamba_By_System-Verilog/MAMBA/DE0_CV/design/Exponential.sv Line: 1
Info (12021): Found 1 design units, including 1 entities, in source file simulation/tb/testbench.sv
    Info (12023): Found entity 1: testbench File: C:/mamba/Mamba_By_System-Verilog/MAMBA/DE0_CV/simulation/tb/testbench.sv Line: 3
Info (12021): Found 1 design units, including 1 entities, in source file design/discretization.sv
    Info (12023): Found entity 1: Discretization File: C:/mamba/Mamba_By_System-Verilog/MAMBA/DE0_CV/design/Discretization.sv Line: 1
Info (12021): Found 1 design units, including 1 entities, in source file design/adder_4bit.sv
    Info (12023): Found entity 1: adder_4bit File: C:/mamba/Mamba_By_System-Verilog/MAMBA/DE0_CV/design/adder_4bit.sv Line: 1
Info (12021): Found 1 design units, including 1 entities, in source file design/de0_cv.sv
    Info (12023): Found entity 1: DE0_CV File: C:/mamba/Mamba_By_System-Verilog/MAMBA/DE0_CV/design/DE0_CV.sv Line: 6
Info (12021): Found 1 design units, including 1 entities, in source file design/deltaa_deltab.sv
    Info (12023): Found entity 1: deltaA_deltaB File: C:/mamba/Mamba_By_System-Verilog/MAMBA/DE0_CV/design/deltaA_deltaB.sv Line: 1
Info (12021): Found 1 design units, including 1 entities, in source file design/deltab_u.sv
    Info (12023): Found entity 1: deltaB_u File: C:/mamba/Mamba_By_System-Verilog/MAMBA/DE0_CV/design/deltaB_u.sv Line: 1
Info (12021): Found 1 design units, including 1 entities, in source file design/exp_delta_a_x.sv
    Info (12023): Found entity 1: exp_delta_A_x File: C:/mamba/Mamba_By_System-Verilog/MAMBA/DE0_CV/design/exp_delta_A_x.sv Line: 1
Info (12127): Elaborating entity "Discretization" for the top level hierarchy
Warning (10230): Verilog HDL assignment warning at Discretization.sv(51): truncated value with size 32 to match size of target (11) File: C:/mamba/Mamba_By_System-Verilog/MAMBA/DE0_CV/design/Discretization.sv Line: 51
Warning (10230): Verilog HDL assignment warning at Discretization.sv(381): truncated value with size 32 to match size of target (2) File: C:/mamba/Mamba_By_System-Verilog/MAMBA/DE0_CV/design/Discretization.sv Line: 381
Warning (10230): Verilog HDL assignment warning at Discretization.sv(382): truncated value with size 32 to match size of target (5) File: C:/mamba/Mamba_By_System-Verilog/MAMBA/DE0_CV/design/Discretization.sv Line: 382
Warning (10230): Verilog HDL assignment warning at Discretization.sv(383): truncated value with size 32 to match size of target (4) File: C:/mamba/Mamba_By_System-Verilog/MAMBA/DE0_CV/design/Discretization.sv Line: 383
Info (10008): Verilog HDL or VHDL information: EDA Netlist Writer cannot regroup multidimensional array "reg_A" into its bus
Info (10008): Verilog HDL or VHDL information: EDA Netlist Writer cannot regroup multidimensional array "reg_B" into its bus
Info (10008): Verilog HDL or VHDL information: EDA Netlist Writer cannot regroup multidimensional array "reg_delta" into its bus
Info (10008): Verilog HDL or VHDL information: EDA Netlist Writer cannot regroup multidimensional array "reg_u" into its bus
Info (10008): Verilog HDL or VHDL information: EDA Netlist Writer cannot regroup multidimensional array "delta_A" into its bus
Info (10008): Verilog HDL or VHDL information: EDA Netlist Writer cannot regroup multidimensional array "delta_B" into its bus
Info (10008): Verilog HDL or VHDL information: EDA Netlist Writer cannot regroup multidimensional array "delta_BU" into its bus
Info (10008): Verilog HDL or VHDL information: EDA Netlist Writer cannot regroup multidimensional array "state_x" into its bus
Info (12128): Elaborating entity "deltaA_deltaB" for hierarchy "deltaA_deltaB:delta_mul" File: C:/mamba/Mamba_By_System-Verilog/MAMBA/DE0_CV/design/Discretization.sv Line: 191
Warning (10230): Verilog HDL assignment warning at deltaA_deltaB.sv(63): truncated value with size 32 to match size of target (2) File: C:/mamba/Mamba_By_System-Verilog/MAMBA/DE0_CV/design/deltaA_deltaB.sv Line: 63
Warning (10230): Verilog HDL assignment warning at deltaA_deltaB.sv(67): truncated value with size 32 to match size of target (4) File: C:/mamba/Mamba_By_System-Verilog/MAMBA/DE0_CV/design/deltaA_deltaB.sv Line: 67
Warning (10230): Verilog HDL assignment warning at deltaA_deltaB.sv(71): truncated value with size 32 to match size of target (1) File: C:/mamba/Mamba_By_System-Verilog/MAMBA/DE0_CV/design/deltaA_deltaB.sv Line: 71
Info (10008): Verilog HDL or VHDL information: EDA Netlist Writer cannot regroup multidimensional array "reg_A" into its bus
Info (10008): Verilog HDL or VHDL information: EDA Netlist Writer cannot regroup multidimensional array "reg_B" into its bus
Info (10008): Verilog HDL or VHDL information: EDA Netlist Writer cannot regroup multidimensional array "reg_delta" into its bus
Info (10008): Verilog HDL or VHDL information: EDA Netlist Writer cannot regroup multidimensional array "delta_A" into its bus
Info (10008): Verilog HDL or VHDL information: EDA Netlist Writer cannot regroup multidimensional array "delta_B" into its bus
Info (10008): Verilog HDL or VHDL information: EDA Netlist Writer cannot regroup multidimensional array "reg_A" into its bus
Info (10008): Verilog HDL or VHDL information: EDA Netlist Writer cannot regroup multidimensional array "reg_B" into its bus
Info (10008): Verilog HDL or VHDL information: EDA Netlist Writer cannot regroup multidimensional array "reg_delta" into its bus
Info (10008): Verilog HDL or VHDL information: EDA Netlist Writer cannot regroup multidimensional array "delta_A" into its bus
Info (10008): Verilog HDL or VHDL information: EDA Netlist Writer cannot regroup multidimensional array "delta_B" into its bus
Info (12128): Elaborating entity "Exponential" for hierarchy "Exponential:exp_unit" File: C:/mamba/Mamba_By_System-Verilog/MAMBA/DE0_CV/design/Discretization.sv Line: 211
Warning (10230): Verilog HDL assignment warning at Exponential.sv(96): truncated value with size 41 to match size of target (33) File: C:/mamba/Mamba_By_System-Verilog/MAMBA/DE0_CV/design/Exponential.sv Line: 96
Warning (10230): Verilog HDL assignment warning at Exponential.sv(97): truncated value with size 33 to match size of target (32) File: C:/mamba/Mamba_By_System-Verilog/MAMBA/DE0_CV/design/Exponential.sv Line: 97
Warning (10764): Verilog HDL warning at Exponential.sv(102): converting signed shift amount to unsigned File: C:/mamba/Mamba_By_System-Verilog/MAMBA/DE0_CV/design/Exponential.sv Line: 102
Warning (10764): Verilog HDL warning at Exponential.sv(104): converting signed shift amount to unsigned File: C:/mamba/Mamba_By_System-Verilog/MAMBA/DE0_CV/design/Exponential.sv Line: 104
Info (12128): Elaborating entity "deltaB_u" for hierarchy "deltaB_u:deltaBU_mul" File: C:/mamba/Mamba_By_System-Verilog/MAMBA/DE0_CV/design/Discretization.sv Line: 231
Warning (10230): Verilog HDL assignment warning at deltaB_u.sv(71): truncated value with size 32 to match size of target (2) File: C:/mamba/Mamba_By_System-Verilog/MAMBA/DE0_CV/design/deltaB_u.sv Line: 71
Warning (10230): Verilog HDL assignment warning at deltaB_u.sv(76): truncated value with size 32 to match size of target (5) File: C:/mamba/Mamba_By_System-Verilog/MAMBA/DE0_CV/design/deltaB_u.sv Line: 76
Warning (10230): Verilog HDL assignment warning at deltaB_u.sv(80): truncated value with size 32 to match size of target (4) File: C:/mamba/Mamba_By_System-Verilog/MAMBA/DE0_CV/design/deltaB_u.sv Line: 80
Info (10008): Verilog HDL or VHDL information: EDA Netlist Writer cannot regroup multidimensional array "delta_B" into its bus
Info (10008): Verilog HDL or VHDL information: EDA Netlist Writer cannot regroup multidimensional array "u" into its bus
Info (10008): Verilog HDL or VHDL information: EDA Netlist Writer cannot regroup multidimensional array "data_out" into its bus
Info (10008): Verilog HDL or VHDL information: EDA Netlist Writer cannot regroup multidimensional array "delta_B" into its bus
Info (10008): Verilog HDL or VHDL information: EDA Netlist Writer cannot regroup multidimensional array "u" into its bus
Info (10008): Verilog HDL or VHDL information: EDA Netlist Writer cannot regroup multidimensional array "data_out" into its bus
Info (12128): Elaborating entity "exp_delta_A_x" for hierarchy "exp_delta_A_x:exp_deltaA_x_unit" File: C:/mamba/Mamba_By_System-Verilog/MAMBA/DE0_CV/design/Discretization.sv Line: 314
Warning (10230): Verilog HDL assignment warning at exp_delta_A_x.sv(67): truncated value with size 65 to match size of target (32) File: C:/mamba/Mamba_By_System-Verilog/MAMBA/DE0_CV/design/exp_delta_A_x.sv Line: 67
Info (144001): Generated suppressed messages file C:/mamba/Mamba_By_System-Verilog/MAMBA/DE0_CV/DE0_CV.map.smsg
Info: Quartus Prime Analysis & Elaboration was successful. 0 errors, 28 warnings
    Info: Peak virtual memory: 6872 megabytes
    Info: Processing ended: Wed Jul 29 14:51:03 2026
    Info: Elapsed time: 00:00:53
    Info: Total CPU time (on all processors): 00:00:59


+--------------------------------------------+
; Analysis & Elaboration Suppressed Messages ;
+--------------------------------------------+
The suppressed messages can be found in C:/mamba/Mamba_By_System-Verilog/MAMBA/DE0_CV/DE0_CV.map.smsg.


